// Jest Snapshot v1, https://goo.gl/fbAQLP

exports[`<Box /> renders correctly 1`] = `
<DocumentFragment>
  <div
    class="css-op9oa7"
  />
</DocumentFragment>
`;
