// Jest Snapshot v1, https://goo.gl/fbAQLP

exports[`<Box /> renders correctly 1`] = `
<DocumentFragment>
  <div
    class="css-3emocq-Box emotion-0"
  />
</DocumentFragment>
`;
