// Jest Snapshot v1, https://goo.gl/fbAQLP

exports[`<ButtonExternal /> renders \`fill\` correctly 1`] = `
.emotion-0 {
  font-family: Graphik,"Helvetica Neue",Helvetica,Arial,Verdana,sans-serif;
  font-size: 16px;
  font-weight: 400;
  line-height: 1.5;
  color: rgb(36,28,21);
  margin: 0;
  margin-right: 8px;
  padding-top: 8px;
  padding-bottom: 8px;
  padding-left: 16px;
  padding-right: 16px;
}

<a
  class="emotion-0"
  href="http://google.com"
  rel="noopener noreferrer"
  target="_blank"
>
  ButtonExternal
</a>
`;

exports[`<ButtonExternal /> renders correctly 1`] = `
.emotion-0 {
  font-family: Graphik,"Helvetica Neue",Helvetica,Arial,Verdana,sans-serif;
  font-size: 16px;
  font-weight: 400;
  line-height: 1.5;
  color: rgb(36,28,21);
  margin: 0;
  margin-right: 8px;
  padding-top: 8px;
  padding-bottom: 8px;
  padding-left: 16px;
  padding-right: 16px;
}

<a
  class="emotion-0"
  href="http://google.com"
  rel="noopener noreferrer"
  target="_blank"
>
  ButtonExternal
</a>
`;
