// Jest Snapshot v1, https://goo.gl/fbAQLP

exports[`<Footer /> renders null with empty array 1`] = `null`;

exports[`<Footer /> renders with 2 items 1`] = `
.emotion-5 {
  padding-top: 32px;
  padding-bottom: 32px;
  padding-left: 32px;
  padding-right: 32px;
}

@media screen and (min-width:40em) {
  .emotion-5 {
    margin-left: auto;
    margin-right: auto;
  }
}

@media screen and (min-width:40em) {
  .emotion-5 {
    width: 75%;
  }
}

.emotion-4 {
  margin: 0;
  padding: 0;
}

.emotion-1 {
  margin: 0;
  margin-bottom: 16px;
  padding: 0;
  display: list-item;
}

.emotion-0 {
  font-family: Graphik,"Helvetica Neue",Helvetica,Arial,Verdana,sans-serif;
  font-size: 16px;
  font-weight: 400;
  line-height: 1.5;
  color: rgb(36,28,21);
  margin: 0;
}

<footer
  class="emotion-5"
>
  <ul
    class="emotion-4"
  >
    <li
      class="emotion-1"
    >
      <a
        class="emotion-0"
        href="url one"
        rel="noopener noreferrer"
        target="_blank"
      >
        title one
      </a>
    </li>
    <li
      class="emotion-1"
    >
      <a
        class="emotion-0"
        href="url two"
        rel="noopener noreferrer"
        target="_blank"
      >
        title two
      </a>
    </li>
  </ul>
</footer>
`;
