// Jest Snapshot v1, https://goo.gl/fbAQLP

exports[`<Footer /> renders null on loading 1`] = `null`;

exports[`<Footer /> renders with 5 items 1`] = `
.emotion-22 {
  padding-top: 2rem;
  padding-bottom: 2rem;
  display: grid;
  grid-template-columns: 32px [center-start] 1fr [center-end] 32px;
}

@media screen and (min-width:40em) {
  .emotion-22 {
    grid-template-columns: minmax(32px,15%) [center-start] 1fr [center-end] minmax(32px,15%);
  }
}

.emotion-20 {
  margin: 0;
  padding: 0;
  display: grid;
  grid-row-gap: 1rem;
  grid-column: center-start/center-end;
  list-style: none;
}

.emotion-2 {
  margin: 0;
  padding: 0;
  display: list-item;
}

.emotion-0 {
  font-family: Graphik,"Helvetica Neue",Helvetica,Arial,Verdana,sans-serif;
  font-weight: 400;
  font-size: 1rem;
  line-height: 1.5;
  color: rgb(36,28,21);
  margin: 0;
  word-break: break-word;
  -webkit-hyphens: auto;
  -moz-hyphens: auto;
  -ms-hyphens: auto;
  hyphens: auto;
  display: -webkit-inline-box;
  display: -webkit-inline-flex;
  display: -ms-inline-flexbox;
  display: inline-flex;
  -webkit-transition: all 0.15s linear;
  transition: all 0.15s linear;
  -webkit-text-decoration: none;
  text-decoration: none;
}

.emotion-0:visited:hover,
.emotion-0:hover,
.emotion-0:focus {
  color: #007c89;
}

.emotion-0:visited {
  color: #808080;
}

<footer
  class="emotion-22 emotion-3"
>
  <ul
    class="emotion-20 emotion-3"
  >
    <li
      class="emotion-2 emotion-3"
      data-testid="footer-item"
    >
      <a
        class="emotion-0 emotion-1"
        data-testid="footer-item-a"
        href="https://github.com/andykenward"
        rel="noopener noreferrer"
        target="_blank"
      >
        GitHub
      </a>
    </li>
    <li
      class="emotion-2 emotion-3"
      data-testid="footer-item"
    >
      <a
        class="emotion-0 emotion-1"
        data-testid="footer-item-a"
        href="mailto:hello@andykenward.com"
        rel="noopener noreferrer"
        target="_blank"
      >
        Email
      </a>
    </li>
    <li
      class="emotion-2 emotion-3"
      data-testid="footer-item"
    >
      <a
        class="emotion-0 emotion-1"
        data-testid="footer-item-a"
        href="https://www.linkedin.com/in/andykenward"
        rel="noopener noreferrer"
        target="_blank"
      >
        LinkedIn
      </a>
    </li>
    <li
      class="emotion-2 emotion-3"
      data-testid="footer-item"
    >
      <a
        class="emotion-0 emotion-1"
        data-testid="footer-item-a"
        href="https://stackoverflow.com/story/andykenward"
        rel="noopener noreferrer"
        target="_blank"
      >
        Stack Overflow
      </a>
    </li>
    <li
      class="emotion-2 emotion-3"
      data-testid="footer-item"
    >
      <a
        class="emotion-0 emotion-1"
        data-testid="footer-item-a"
        href="https://codepen.io/andykenward/"
        rel="noopener noreferrer"
        target="_blank"
      >
        CodePen
      </a>
    </li>
  </ul>
</footer>
`;
